[package]
name = "capnp-plain-golden"
version = "0.1.0"
edition = "2021"

# See more keys and their definitions at https://doc.rust-lang.org/cargo/reference/manifest.html

[dependencies]
anyhow = "1.0.82"
capnp-plain = { path = "../capnp-plain" }
serde = { version = "1.0.200", features = [ "derive" ]}
serde_json = "1.0.116"
