{
  "void_field": null,
  "bool_field": true,
  "int_8_field": -123,
  "int_16_field": -12345,
  "int_32_field": -12345678,
  "int_64_field": -123456789012345,
  "u_int_8_field": 234,
  "u_int_16_field": 45678,
  "u_int_32_field": 3456789012,
  "u_int_64_field": 12345678901234567890,
  "float_32_field": 1234.5,
  "float_64_field": -1.23e47,
  "text_field": "foo",
  "data_field": [
    98,
    97,
    114
  ],
  "struct_field": {
    "void_field": null,
    "bool_field": true,
    "int_8_field": -12,
    "int_16_field": 3456,
    "int_32_field": -78901234,
    "int_64_field": 56789012345678,
    "u_int_8_field": 90,
    "u_int_16_field": 1234,
    "u_int_32_field": 56789012,
    "u_int_64_field": 345678901234567890,
    "float_32_field": -1.25e-10,
    "float_64_field": 345.0,
    "text_field": "baz",
    "data_field": [
      113,
      117,
      120
    ],
    "struct_field": {
      "void_field": null,
      "bool_field": false,
      "int_8_field": 0,
      "int_16_field": 0,
      "int_32_field": 0,
      "int_64_field": 0,
      "u_int_8_field": 0,
      "u_int_16_field": 0,
      "u_int_32_field": 0,
      "u_int_64_field": 0,
      "float_32_field": 0.0,
      "float_64_field": 0.0,
      "text_field": "nested",
      "data_field": [],
      "struct_field": {
        "void_field": null,
        "bool_field": false,
        "int_8_field": 0,
        "int_16_field": 0,
        "int_32_field": 0,
        "int_64_field": 0,
        "u_int_8_field": 0,
        "u_int_16_field": 0,
        "u_int_32_field": 0,
        "u_int_64_field": 0,
        "float_32_field": 0.0,
        "float_64_field": 0.0,
        "text_field": "really nested",
        "data_field": [],
        "struct_field": null,
        "enum_field": "Foo",
        "interface_field": null,
        "void_list": [],
        "bool_list": [],
        "int_8_list": [],
        "int_16_list": [],
        "int_32_list": [],
        "int_64_list": [],
        "u_int_8_list": [],
        "u_int_16_list": [],
        "u_int_32_list": [],
        "u_int_64_list": [],
        "float_32_list": [],
        "float_64_list": [],
        "text_list": [],
        "data_list": [],
        "struct_list": [],
        "enum_list": [],
        "interface_list": []
      },
      "enum_field": "Foo",
      "interface_field": null,
      "void_list": [],
      "bool_list": [],
      "int_8_list": [],
      "int_16_list": [],
      "int_32_list": [],
      "int_64_list": [],
      "u_int_8_list": [],
      "u_int_16_list": [],
      "u_int_32_list": [],
      "u_int_64_list": [],
      "float_32_list": [],
      "float_64_list": [],
      "text_list": [],
      "data_list": [],
      "struct_list": [],
      "enum_list": [],
      "interface_list": []
    },
    "enum_field": "Baz",
    "interface_field": null,
    "void_list": [],
    "bool_list": [
      false,
      true,
      false,
      true,
      true
    ],
    "int_8_list": [
      12,
      -34,
      -128,
      127
    ],
    "int_16_list": [
      210,
      4,
      210,
      233
    ],
    "int_32_list": [
      78,
      97,
      188,
      0
    ],
    "int_64_list": [
      121,
      223,
      13,
      134
    ],
    "u_int_8_list": [
      12,
      34,
      0,
      255
    ],
    "u_int_16_list": [
      210,
      4,
      46,
      22
    ],
    "u_int_32_list": [
      78,
      97,
      188,
      0
    ],
    "u_int_64_list": [
      121,
      223,
      13,
      134
    ],
    "float_32_list": [],
    "float_64_list": [],
    "text_list": [],
    "data_list": [],
    "struct_list": [
      {
        "void_field": null,
        "bool_field": false,
        "int_8_field": 0,
        "int_16_field": 0,
        "int_32_field": 0,
        "int_64_field": 0,
        "u_int_8_field": 0,
        "u_int_16_field": 0,
        "u_int_32_field": 0,
        "u_int_64_field": 0,
        "float_32_field": 0.0,
        "float_64_field": 0.0,
        "text_field": "x structlist 1",
        "data_field": [],
        "struct_field": null,
        "enum_field": "Foo",
        "interface_field": null,
        "void_list": [],
        "bool_list": [],
        "int_8_list": [],
        "int_16_list": [],
        "int_32_list": [],
        "int_64_list": [],
        "u_int_8_list": [],
        "u_int_16_list": [],
        "u_int_32_list": [],
        "u_int_64_list": [],
        "float_32_list": [],
        "float_64_list": [],
        "text_list": [],
        "data_list": [],
        "struct_list": [],
        "enum_list": [],
        "interface_list": []
      },
      {
        "void_field": null,
        "bool_field": false,
        "int_8_field": 0,
        "int_16_field": 0,
        "int_32_field": 0,
        "int_64_field": 0,
        "u_int_8_field": 0,
        "u_int_16_field": 0,
        "u_int_32_field": 0,
        "u_int_64_field": 0,
        "float_32_field": 0.0,
        "float_64_field": 0.0,
        "text_field": "x structlist 2",
        "data_field": [],
        "struct_field": null,
        "enum_field": "Foo",
        "interface_field": null,
        "void_list": [],
        "bool_list": [],
        "int_8_list": [],
        "int_16_list": [],
        "int_32_list": [],
        "int_64_list": [],
        "u_int_8_list": [],
        "u_int_16_list": [],
        "u_int_32_list": [],
        "u_int_64_list": [],
        "float_32_list": [],
        "float_64_list": [],
        "text_list": [],
        "data_list": [],
        "struct_list": [],
        "enum_list": [],
        "interface_list": []
      },
      {
        "void_field": null,
        "bool_field": false,
        "int_8_field": 0,
        "int_16_field": 0,
        "int_32_field": 0,
        "int_64_field": 0,
        "u_int_8_field": 0,
        "u_int_16_field": 0,
        "u_int_32_field": 0,
        "u_int_64_field": 0,
        "float_32_field": 0.0,
        "float_64_field": 0.0,
        "text_field": "x structlist 3",
        "data_field": [],
        "struct_field": null,
        "enum_field": "Foo",
        "interface_field": null,
        "void_list": [],
        "bool_list": [],
        "int_8_list": [],
        "int_16_list": [],
        "int_32_list": [],
        "int_64_list": [],
        "u_int_8_list": [],
        "u_int_16_list": [],
        "u_int_32_list": [],
        "u_int_64_list": [],
        "float_32_list": [],
        "float_64_list": [],
        "text_list": [],
        "data_list": [],
        "struct_list": [],
        "enum_list": [],
        "interface_list": []
      }
    ],
    "enum_list": [],
    "interface_list": []
  },
  "enum_field": "Corge",
  "interface_field": null,
  "void_list": [],
  "bool_list": [
    true,
    false,
    false,
    true
  ],
  "int_8_list": [
    111,
    -111
  ],
  "int_16_list": [
    103,
    43
  ],
  "int_32_list": [
    199,
    107
  ],
  "int_64_list": [
    199,
    113
  ],
  "u_int_8_list": [
    111,
    222
  ],
  "u_int_16_list": [
    53,
    130
  ],
  "u_int_32_list": [
    85
  ],
  "u_int_64_list": [
    199
  ],
  "float_32_list": [],
  "float_64_list": [],
  "text_list": [],
  "data_list": [],
  "struct_list": [
    {
      "void_field": null,
      "bool_field": false,
      "int_8_field": 0,
      "int_16_field": 0,
      "int_32_field": 0,
      "int_64_field": 0,
      "u_int_8_field": 0,
      "u_int_16_field": 0,
      "u_int_32_field": 0,
      "u_int_64_field": 0,
      "float_32_field": 0.0,
      "float_64_field": 0.0,
      "text_field": "structlist 1",
      "data_field": [],
      "struct_field": null,
      "enum_field": "Foo",
      "interface_field": null,
      "void_list": [],
      "bool_list": [],
      "int_8_list": [],
      "int_16_list": [],
      "int_32_list": [],
      "int_64_list": [],
      "u_int_8_list": [],
      "u_int_16_list": [],
      "u_int_32_list": [],
      "u_int_64_list": [],
      "float_32_list": [],
      "float_64_list": [],
      "text_list": [],
      "data_list": [],
      "struct_list": [],
      "enum_list": [],
      "interface_list": []
    },
    {
      "void_field": null,
      "bool_field": false,
      "int_8_field": 0,
      "int_16_field": 0,
      "int_32_field": 0,
      "int_64_field": 0,
      "u_int_8_field": 0,
      "u_int_16_field": 0,
      "u_int_32_field": 0,
      "u_int_64_field": 0,
      "float_32_field": 0.0,
      "float_64_field": 0.0,
      "text_field": "structlist 2",
      "data_field": [],
      "struct_field": null,
      "enum_field": "Foo",
      "interface_field": null,
      "void_list": [],
      "bool_list": [],
      "int_8_list": [],
      "int_16_list": [],
      "int_32_list": [],
      "int_64_list": [],
      "u_int_8_list": [],
      "u_int_16_list": [],
      "u_int_32_list": [],
      "u_int_64_list": [],
      "float_32_list": [],
      "float_64_list": [],
      "text_list": [],
      "data_list": [],
      "struct_list": [],
      "enum_list": [],
      "interface_list": []
    },
    {
      "void_field": null,
      "bool_field": false,
      "int_8_field": 0,
      "int_16_field": 0,
      "int_32_field": 0,
      "int_64_field": 0,
      "u_int_8_field": 0,
      "u_int_16_field": 0,
      "u_int_32_field": 0,
      "u_int_64_field": 0,
      "float_32_field": 0.0,
      "float_64_field": 0.0,
      "text_field": "structlist 3",
      "data_field": [],
      "struct_field": null,
      "enum_field": "Foo",
      "interface_field": null,
      "void_list": [],
      "bool_list": [],
      "int_8_list": [],
      "int_16_list": [],
      "int_32_list": [],
      "int_64_list": [],
      "u_int_8_list": [],
      "u_int_16_list": [],
      "u_int_32_list": [],
      "u_int_64_list": [],
      "float_32_list": [],
      "float_64_list": [],
      "text_list": [],
      "data_list": [],
      "struct_list": [],
      "enum_list": [],
      "interface_list": []
    }
  ],
  "enum_list": [],
  "interface_list": []
}